task 1
duplicate description
invalid duration
duplicate description
invalid duration
