task 1
task 2
task 3
task 4
1 TO DO #45 p
3 TO DO #604 sbkjds
2 TO DO #4 po
4 TO DO #457290 heiow
1 TO DO #45 p
2 TO DO #4 po
8: no such task
7: no such task
9: no such task
5: no such task
3 TO DO #604 sbkjds
2 TO DO #4 po
4 TO DO #457290 heiow
