task 1
duplicate description
9: no such task
invalid time
0
user already exists
no such task
no such user
no such activity
duration=0 slack=-1
task already started
no such activity
no such activity
duplicate activity
invalid description
invalid description
invalid description
too many activities
