task 1
task already started
duration=0 slack=-1
1
duration=1 slack=0
