TO DO
IN PROGRESS
DONE
DEBUG 1
task 1
task 2
task 3
