TO DO
IN PROGRESS
DONE
DJJDSJAHBDHJC
344JDHDH DSJSH
|""# DJSF 473 F
SD<334%%&/ SDHDH
WSSFEHSH SAKSJJS
"#$%&//%$(()??)
^SSHSH 2|!224 S
